PASS  test_competency_trace        PASS: competency traceability references, result paths and corpus hashes match generated artifacts
PASS  test_conformance             PASS: valid=0 violations, invalid=1 violation(s)
PASS  test_doc_terms               PASS: 969 Hexplain term references across 56 document(s) all resolve
PASS  test_gdal_inventory          PASS: 246 uniquely keyed GDAL documentation pages ({'raster': 160, 'vector': 86}); pinned sources and evidence policy valid
PASS  test_gdal_runtime            PASS: 8 scoped adapter contracts, 39 retained tests and well-formed source hashes; implementation-byte verification belongs to private engine CI
PASS  test_geometry_contract       PASS: 9 geometry value contracts with explicit result paths
PASS  test_geometry_mutations      PASS: 2 geometry property-constraint mutations detected by independent invalid-data assertions
PASS  test_geospatial_model        PASS: 40 geospatial/array SHACL cases; 121 exact affine round trips; center, singularity and calibration vectors
PASS  test_html_sync               PASS: 35 modules' index.html match their .ttl
PASS  test_instance_contract       PASS: 36 cross-engine instance contracts, including selected targets and result paths
PASS  test_layout_competency       PASS: 52 layout/compound cases with inference and rule execution disabled
PASS  test_layout_mutations        PASS: 6 layout/compound numeric-bound removals detected with result-path assertions
PASS  test_lift                    PASS: aspect facets lifted onto Asset; physical properties did not leak
PASS  test_numeric_boundaries      PASS: 9 lexical numeric and RDF term-identity boundary cases
PASS  test_ontology_design         PASS: ontology entities are not SKOS mappings; new module metadata and family SHACL meta-validation pass
PASS  test_packaging_contract      PASS: 11 packaging competency cases with constraint-path assertions
PASS  test_publication_checker     PASS: 38 namespace/release routes; canonical success and HTTP 200 HTML fallback rejection
PASS  test_register_bindings       PASS: register bindings enforced (in-register conforms, out-of-register rejected)
PASS  test_register_extraction     PASS: all 6 registers extracted; concepts conserved; notations removed
PASS  test_release_contract        PASS: 3 immutable snapshot(s); 242 archived/current compatibility cases replayed twice
PASS  test_security_mutations      PASS: 4 isolated security constraint mutations; target-removal sensitivity for 7 negative cases; positive controls retained
PASS  test_security_profile        PASS: 13 opt-in security profile cases; no implicit authorization or inheritance
PASS  test_shapes                  PASS: valid fixture conforms; invalid fixture fails SHACL (structural + required-parts executed)
PASS  test_term_reference          PASS: 756 documented terms, 103 named shapes, 35 modules; canonical annotations, exact generated content and fragment links verified
PASS  test_video_math              PASS: 15 video numeric/rational cases through the family validator
PASS  test_vocab_neutrality        PASS: 472 normative terms name no format or jurisdiction; 1 reasoned exemption(s); register boundary holds both ways
PASS  test_vocab_shapes            PASS: 42 vocabulary fixtures behave as expected
PASS  validate_all                 PASS: all 83 ttl files parse

28/28 gates passed
