
D:\work\hexplain-simplification\hexplain-tools>if "Windows_NT" == "Windows_NT" setlocal

D:\work\hexplain-simplification\hexplain-tools>set DIRNAME=D:\work\hexplain-simplification\hexplain-tools\

D:\work\hexplain-simplification\hexplain-tools>if "D:\work\hexplain-simplification\hexplain-tools\" == "" set DIRNAME=.

D:\work\hexplain-simplification\hexplain-tools>set APP_BASE_NAME=gradlew

D:\work\hexplain-simplification\hexplain-tools>set APP_HOME=D:\work\hexplain-simplification\hexplain-tools\

D:\work\hexplain-simplification\hexplain-tools>for %i in ("D:\work\hexplain-simplification\hexplain-tools\") do set APP_HOME=%~fi

D:\work\hexplain-simplification\hexplain-tools>set APP_HOME=D:\work\hexplain-simplification\hexplain-tools\

D:\work\hexplain-simplification\hexplain-tools>set DEFAULT_JVM_OPTS="-Xmx64m" "-Xms64m"

D:\work\hexplain-simplification\hexplain-tools>if defined JAVA_HOME goto findJavaFromJavaHome

D:\work\hexplain-simplification\hexplain-tools>set JAVA_HOME=C:\Program Files\Java\jdk-17

D:\work\hexplain-simplification\hexplain-tools>set JAVA_EXE=C:\Program Files\Java\jdk-17/bin/java.exe

D:\work\hexplain-simplification\hexplain-tools>if exist "C:\Program Files\Java\jdk-17/bin/java.exe" goto execute

D:\work\hexplain-simplification\hexplain-tools>set CLASSPATH=D:\work\hexplain-simplification\hexplain-tools\\gradle\wrapper\gradle-wrapper.jar

D:\work\hexplain-simplification\hexplain-tools>"C:\Program Files\Java\jdk-17/bin/java.exe" "-Xmx64m" "-Xms64m"   "-Dorg.gradle.appname=gradlew" -classpath "D:\work\hexplain-simplification\hexplain-tools\\gradle\wrapper\gradle-wrapper.jar" org.gradle.wrapper.GradleWrapperMain :core:test :codegen:test :hdl:test
> Task :core:checkKotlinGradlePluginConfigurationErrors SKIPPED
> Task :core:processResources UP-TO-DATE
> Task :core:processTestResources UP-TO-DATE
> Task :codegen:checkKotlinGradlePluginConfigurationErrors SKIPPED
> Task :codegen:processResources NO-SOURCE
> Task :codegen:processTestResources NO-SOURCE
> Task :codegen-kotlin:checkKotlinGradlePluginConfigurationErrors SKIPPED
> Task :codegen-kotlin:processResources UP-TO-DATE
> Task :hdl:checkKotlinGradlePluginConfigurationErrors SKIPPED
> Task :hdl:processResources NO-SOURCE
> Task :hdl:processTestResources UP-TO-DATE

> Task :core:compileKotlin
w: file:///D:/work/hexplain-simplification/hexplain-tools/core/src/main/kotlin/io/hexplain/core/metacodec/Metawriter.kt:790:16 Duplicate branch condition in 'when'.

> Task :core:compileJava NO-SOURCE
> Task :core:classes UP-TO-DATE
> Task :core:jar
> Task :core:compileTestKotlin
> Task :core:compileTestJava NO-SOURCE
> Task :core:testClasses UP-TO-DATE
> Task :codegen:compileKotlin
> Task :hdl:compileKotlin
> Task :core:test
> Task :codegen:compileJava NO-SOURCE
> Task :codegen:classes UP-TO-DATE
> Task :codegen:jar UP-TO-DATE
> Task :hdl:compileJava NO-SOURCE
> Task :hdl:classes UP-TO-DATE
> Task :hdl:jar UP-TO-DATE
> Task :codegen:compileTestKotlin
> Task :codegen-kotlin:compileKotlin
> Task :codegen:compileTestJava NO-SOURCE
> Task :codegen:testClasses UP-TO-DATE
> Task :codegen-kotlin:compileJava NO-SOURCE
> Task :codegen-kotlin:classes UP-TO-DATE
> Task :codegen-kotlin:jar UP-TO-DATE
> Task :hdl:compileTestKotlin
> Task :codegen:test
> Task :hdl:compileTestJava NO-SOURCE
> Task :hdl:testClasses UP-TO-DATE
> Task :hdl:test

Deprecated Gradle features were used in this build, making it incompatible with Gradle 9.0.

You can use '--warning-mode all' to show the individual deprecation warnings and determine if they come from your own scripts or plugins.

For more on this, please refer to https://docs.gradle.org/8.7/userguide/command_line_interface.html#sec:command_line_warnings in the Gradle documentation.

BUILD SUCCESSFUL in 57s
18 actionable tasks: 11 executed, 7 up-to-date

D:\work\hexplain-simplification\hexplain-tools>if 0 EQU 0 goto mainEnd

D:\work\hexplain-simplification\hexplain-tools>if "Windows_NT" == "Windows_NT" endlocal
