
D:\work\hexplain-simplification\hexplain-tools>if "Windows_NT" == "Windows_NT" setlocal

D:\work\hexplain-simplification\hexplain-tools>set DIRNAME=D:\work\hexplain-simplification\hexplain-tools\

D:\work\hexplain-simplification\hexplain-tools>if "D:\work\hexplain-simplification\hexplain-tools\" == "" set DIRNAME=.

D:\work\hexplain-simplification\hexplain-tools>set APP_BASE_NAME=gradlew

D:\work\hexplain-simplification\hexplain-tools>set APP_HOME=D:\work\hexplain-simplification\hexplain-tools\

D:\work\hexplain-simplification\hexplain-tools>for %i in ("D:\work\hexplain-simplification\hexplain-tools\") do set APP_HOME=%~fi

D:\work\hexplain-simplification\hexplain-tools>set APP_HOME=D:\work\hexplain-simplification\hexplain-tools\

D:\work\hexplain-simplification\hexplain-tools>set DEFAULT_JVM_OPTS="-Xmx64m" "-Xms64m"

D:\work\hexplain-simplification\hexplain-tools>if defined JAVA_HOME goto findJavaFromJavaHome

D:\work\hexplain-simplification\hexplain-tools>set JAVA_HOME=C:\Program Files\Java\jdk-17

D:\work\hexplain-simplification\hexplain-tools>set JAVA_EXE=C:\Program Files\Java\jdk-17/bin/java.exe

D:\work\hexplain-simplification\hexplain-tools>if exist "C:\Program Files\Java\jdk-17/bin/java.exe" goto execute

D:\work\hexplain-simplification\hexplain-tools>set CLASSPATH=D:\work\hexplain-simplification\hexplain-tools\\gradle\wrapper\gradle-wrapper.jar

D:\work\hexplain-simplification\hexplain-tools>"C:\Program Files\Java\jdk-17/bin/java.exe" "-Xmx64m" "-Xms64m"   "-Dorg.gradle.appname=gradlew" -classpath "D:\work\hexplain-simplification\hexplain-tools\\gradle\wrapper\gradle-wrapper.jar" org.gradle.wrapper.GradleWrapperMain :core:compileKotlin :codegen:compileKotlin
> Task :core:checkKotlinGradlePluginConfigurationErrors SKIPPED
> Task :codegen:checkKotlinGradlePluginConfigurationErrors SKIPPED
> Task :core:processResources UP-TO-DATE

> Task :core:compileKotlin
w: file:///D:/work/hexplain-simplification/hexplain-tools/core/src/main/kotlin/io/hexplain/core/metacodec/Metawriter.kt:784:16 Duplicate branch condition in 'when'.
w: file:///D:/work/hexplain-simplification/hexplain-tools/core/src/main/kotlin/io/hexplain/core/metacodec/Metawriter.kt:784:16 Duplicate branch condition in 'when'.

> Task :core:compileJava NO-SOURCE
> Task :core:classes UP-TO-DATE
> Task :core:jar
> Task :codegen:compileKotlin

BUILD SUCCESSFUL in 43s
4 actionable tasks: 3 executed, 1 up-to-date

D:\work\hexplain-simplification\hexplain-tools>if 0 EQU 0 goto mainEnd

D:\work\hexplain-simplification\hexplain-tools>if "Windows_NT" == "Windows_NT" endlocal
