
D:\work\hexplain-simplification\hexplain-tools>if "Windows_NT" == "Windows_NT" setlocal

D:\work\hexplain-simplification\hexplain-tools>set DIRNAME=D:\work\hexplain-simplification\hexplain-tools\

D:\work\hexplain-simplification\hexplain-tools>if "D:\work\hexplain-simplification\hexplain-tools\" == "" set DIRNAME=.

D:\work\hexplain-simplification\hexplain-tools>set APP_BASE_NAME=gradlew

D:\work\hexplain-simplification\hexplain-tools>set APP_HOME=D:\work\hexplain-simplification\hexplain-tools\

D:\work\hexplain-simplification\hexplain-tools>for %i in ("D:\work\hexplain-simplification\hexplain-tools\") do set APP_HOME=%~fi

D:\work\hexplain-simplification\hexplain-tools>set APP_HOME=D:\work\hexplain-simplification\hexplain-tools\

D:\work\hexplain-simplification\hexplain-tools>set DEFAULT_JVM_OPTS="-Xmx64m" "-Xms64m"

D:\work\hexplain-simplification\hexplain-tools>if defined JAVA_HOME goto findJavaFromJavaHome

D:\work\hexplain-simplification\hexplain-tools>set JAVA_HOME=C:\Program Files\Java\jdk-17

D:\work\hexplain-simplification\hexplain-tools>set JAVA_EXE=C:\Program Files\Java\jdk-17/bin/java.exe

D:\work\hexplain-simplification\hexplain-tools>if exist "C:\Program Files\Java\jdk-17/bin/java.exe" goto execute

D:\work\hexplain-simplification\hexplain-tools>set CLASSPATH=D:\work\hexplain-simplification\hexplain-tools\\gradle\wrapper\gradle-wrapper.jar

D:\work\hexplain-simplification\hexplain-tools>"C:\Program Files\Java\jdk-17/bin/java.exe" "-Xmx64m" "-Xms64m"   "-Dorg.gradle.appname=gradlew" -classpath "D:\work\hexplain-simplification\hexplain-tools\\gradle\wrapper\gradle-wrapper.jar" org.gradle.wrapper.GradleWrapperMain build test --console=plain
> Task :adapters:checkKotlinGradlePluginConfigurationErrors SKIPPED
> Task :core:checkKotlinGradlePluginConfigurationErrors SKIPPED
> Task :core:compileKotlin UP-TO-DATE
> Task :core:compileJava NO-SOURCE
> Task :core:processResources UP-TO-DATE
> Task :core:classes UP-TO-DATE
> Task :core:jar UP-TO-DATE
> Task :adapters:processResources NO-SOURCE
> Task :adapters:sourcesJar
> Task :adapters:processTestResources
> Task :adapters:verifyCoreIsolation
> Task :codegen:checkKotlinGradlePluginConfigurationErrors SKIPPED
> Task :codegen:compileKotlin UP-TO-DATE
> Task :codegen:compileJava NO-SOURCE
> Task :codegen:processResources NO-SOURCE
> Task :codegen:classes UP-TO-DATE
> Task :codegen:jar UP-TO-DATE
> Task :codegen-kotlin:checkKotlinGradlePluginConfigurationErrors SKIPPED
> Task :codegen-kotlin:compileKotlin UP-TO-DATE
> Task :codegen-kotlin:compileJava NO-SOURCE
> Task :codegen-kotlin:processResources UP-TO-DATE
> Task :codegen-kotlin:classes UP-TO-DATE
> Task :codegen-kotlin:jar UP-TO-DATE
> Task :codegen:startScripts
> Task :codegen:distTar
> Task :codegen:distZip
> Task :adapters:compileKotlin
> Task :codegen:sourcesJar
> Task :adapters:compileJava NO-SOURCE
> Task :adapters:classes UP-TO-DATE
> Task :adapters:jar
> Task :adapters:assemble
> Task :codegen:assemble
> Task :codegen:compileTestKotlin UP-TO-DATE
> Task :codegen:compileTestJava NO-SOURCE
> Task :codegen:processTestResources NO-SOURCE
> Task :codegen:testClasses UP-TO-DATE
> Task :codegen:test UP-TO-DATE
> Task :codegen:check UP-TO-DATE
> Task :codegen:build
> Task :codegen-kotlin:sourcesJar
> Task :codegen-kotlin:assemble
> Task :codegen-kotlin:compileTestKotlin UP-TO-DATE
> Task :codegen-kotlin:compileTestJava NO-SOURCE
> Task :codegen-kotlin:processTestResources UP-TO-DATE
> Task :codegen-kotlin:testClasses UP-TO-DATE
> Task :codegen-kotlin:test UP-TO-DATE
> Task :codegen-kotlin:check UP-TO-DATE
> Task :codegen-kotlin:build
> Task :codegen-verify:checkKotlinGradlePluginConfigurationErrors SKIPPED
> Task :codegen-verify:processResources UP-TO-DATE
> Task :runtime-kotlin:checkKotlinGradlePluginConfigurationErrors SKIPPED
> Task :runtime-kotlin:compileKotlin UP-TO-DATE
> Task :runtime-kotlin:compileJava NO-SOURCE
> Task :runtime-kotlin:processResources NO-SOURCE
> Task :runtime-kotlin:classes UP-TO-DATE
> Task :runtime-kotlin:jar UP-TO-DATE
> Task :codegen-verify:processTestResources NO-SOURCE
> Task :core:startScripts
> Task :core:distTar
> Task :codegen-verify:compileKotlin
> Task :core:distZip
> Task :codegen-verify:compileJava NO-SOURCE
> Task :codegen-verify:classes UP-TO-DATE
> Task :codegen-verify:jar
> Task :codegen-verify:assemble
> Task :adapters:compileTestKotlin

> Task :codegen-verify:generateCodecs
generated record -> D:\work\hexplain-simplification\hexplain-tools\codegen-verify\build\generated\codecs\gen\verify\DemoRecordCodec.kt
generated pointer -> D:\work\hexplain-simplification\hexplain-tools\codegen-verify\build\generated\codecs\gen\verify\DemoPointerCodec.kt
.\gradlew.bat : SLF4J(W): No SLF4J providers were found.
At line:7 char:1
+ .\gradlew.bat build test --console=plain *> ../hexplain.io/review-202 ...
+ ~~~~~~~~~~~~~~~~~~~~~~~~~~~~~~~~~~~~~~~~~~~~~~~~~~~~~~~~~~~~~~~~~~~~~
    + CategoryInfo          : NotSpecified: (SLF4J(W): No SLF4J providers were found.:String) [], RemoteException
    + FullyQualifiedErrorId : NativeCommandError

SLF4J(W): Defaulting to no-operation (NOP) logger implementation
SLF4J(W): See https://www.slf4j.org/codes.html#noProviders for further details.
generated container -> D:\work\hexplain-simplification\hexplain-tools\codegen-verify\build\generated\codecs\gen\verify\DemoContainerCodec.kt
generated widths -> D:\work\hexplain-simplification\hexplain-tools\codegen-verify\build\generated\codecs\gen\verify\DemoWidthsCodec.kt
generated invalid -> D:\work\hexplain-simplification\hexplain-tools\codegen-verify\build\generated\codecs\gen\verify\DemoInvalidCodec.kt
generated writer -> D:\work\hexplain-simplification\hexplain-tools\codegen-verify\build\generated\codecs\gen\verify\DemoWriterCodec.kt
generated layout -> D:\work\hexplain-simplification\hexplain-tools\codegen-verify\build\generated\codecs\gen\verify\DemoLayoutCodec.kt
generated nestedSized -> D:\work\hexplain-simplification\hexplain-tools\codegen-verify\build\generated\codecs\gen\verify\DemoNestedSizedCodec.kt
generated nestedSizedFromField -> D:\work\hexplain-simplification\hexplain-tools\codegen-verify\build\generated\codecs\gen\verify\DemoNestedFromFieldCodec.kt
generated png -> D:\work\hexplain-simplification\hexplain-tools\codegen-verify\build\generated\codecs\gen\verify\PngCodec.kt
generated pngChunks -> D:\work\hexplain-simplification\hexplain-tools\codegen-verify\build\generated\codecs\gen\verify\PngChunksCodec.kt
generated ZlibLevel0 -> D:\work\hexplain-simplification\hexplain-tools\codegen-verify\build\generated\codecs\gen\verify\ZlibLevel0.kt
generated ZlibLevel9 -> D:\work\hexplain-simplification\hexplain-tools\codegen-verify\build\generated\codecs\gen\verify\ZlibLevel9.kt
generated RawLevel0 -> D:\work\hexplain-simplification\hexplain-tools\codegen-verify\build\generated\codecs\gen\verify\RawLevel0.kt
generated RawLevel9 -> D:\work\hexplain-simplification\hexplain-tools\codegen-verify\build\generated\codecs\gen\verify\RawLevel9.kt
generated RepeatedLevels -> D:\work\hexplain-simplification\hexplain-tools\codegen-verify\build\generated\codecs\gen\verify\RepeatedLevels.kt
generated MixedLevels -> D:\work\hexplain-simplification\hexplain-tools\codegen-verify\build\generated\codecs\gen\verify\MixedLevels.kt
generated EncodedStruct -> D:\work\hexplain-simplification\hexplain-tools\codegen-verify\build\generated\codecs\gen\verify\EncodedStruct.kt
generated EncodedStructs -> D:\work\hexplain-simplification\hexplain-tools\codegen-verify\build\generated\codecs\gen\verify\EncodedStructs.kt
generated CountedBlocks -> D:\work\hexplain-simplification\hexplain-tools\codegen-verify\build\generated\codecs\gen\verify\CountedBlocks.kt
generated DynamicBlocks -> D:\work\hexplain-simplification\hexplain-tools\codegen-verify\build\generated\codecs\gen\verify\DynamicBlocks.kt
generated ExpressionBlocks -> D:\work\hexplain-simplification\hexplain-tools\codegen-verify\build\generated\codecs\gen\verify\ExpressionBlocks.kt

> Task :adapters:compileTestJava NO-SOURCE
> Task :adapters:testClasses
> Task :adapters:test
> Task :adapters:check
> Task :adapters:build
> Task :codegen-verify:compileStandaloneKotlin
> Task :core:sourcesJar
> Task :core:assemble
> Task :codegen-verify:compileTestKotlin
> Task :core:compileTestKotlin UP-TO-DATE
> Task :codegen-verify:compileTestJava NO-SOURCE
> Task :codegen-verify:testClasses UP-TO-DATE
> Task :codegen-verify:test
> Task :codegen-verify:check
> Task :codegen-verify:build
> Task :core:compileTestJava NO-SOURCE
> Task :core:processTestResources UP-TO-DATE
> Task :core:testClasses UP-TO-DATE
> Task :core:test
> Task :core:check
> Task :core:build
> Task :hdl:checkKotlinGradlePluginConfigurationErrors SKIPPED
> Task :hdl:compileKotlin UP-TO-DATE
> Task :hdl:compileJava NO-SOURCE
> Task :hdl:processResources NO-SOURCE
> Task :hdl:classes UP-TO-DATE
> Task :hdl:jar UP-TO-DATE
> Task :hdl:startScripts
> Task :hdl:distTar
> Task :hdl:distZip
> Task :hdl:sourcesJar
> Task :hdl:assemble
> Task :hdl:processTestResources
> Task :query:checkKotlinGradlePluginConfigurationErrors SKIPPED
> Task :query:processResources
> Task :query:sourcesJar
> Task :query:processTestResources
> Task :query-fuseki:checkKotlinGradlePluginConfigurationErrors SKIPPED
> Task :query-fuseki:processResources
> Task :query-fuseki:processTestResources NO-SOURCE
> Task :hdl:compileTestKotlin
> Task :runtime-kotlin:sourcesJar
> Task :hdl:compileTestJava NO-SOURCE
> Task :hdl:testClasses
> Task :query:compileKotlin
> Task :hdl:test
> Task :hdl:check
> Task :hdl:build
> Task :query:compileJava NO-SOURCE
> Task :query:classes
> Task :query:jar
> Task :query:startScripts
> Task :query:distTar
> Task :query:distZip
> Task :query:assemble
> Task :runtime-kotlin:assemble
> Task :runtime-kotlin:compileTestKotlin UP-TO-DATE
> Task :runtime-kotlin:compileTestJava NO-SOURCE
> Task :runtime-kotlin:processTestResources NO-SOURCE
> Task :runtime-kotlin:testClasses UP-TO-DATE
> Task :runtime-kotlin:test UP-TO-DATE
> Task :runtime-kotlin:check UP-TO-DATE
> Task :runtime-kotlin:build
> Task :query-fuseki:compileKotlin
> Task :query-fuseki:compileJava NO-SOURCE
> Task :query-fuseki:classes
> Task :query-fuseki:jar
> Task :query-fuseki:assemble
> Task :query:compileTestKotlin
> Task :query:compileTestJava NO-SOURCE
> Task :query:testClasses
> Task :query-fuseki:compileTestKotlin
> Task :query:test
> Task :query:check
> Task :query:build
> Task :query-fuseki:compileTestJava NO-SOURCE
> Task :query-fuseki:testClasses UP-TO-DATE
> Task :query-fuseki:test
> Task :query-fuseki:check
> Task :query-fuseki:build

Deprecated Gradle features were used in this build, making it incompatible with Gradle 9.0.

You can use '--warning-mode all' to show the individual deprecation warnings and determine if they come from your own scripts or plugins.

For more on this, please refer to https://docs.gradle.org/8.7/userguide/command_line_interface.html#sec:command_line_warnings in the Gradle documentation.

BUILD SUCCESSFUL in 1m 14s
68 actionable tasks: 46 executed, 22 up-to-date

D:\work\hexplain-simplification\hexplain-tools>if 0 EQU 0 goto mainEnd

D:\work\hexplain-simplification\hexplain-tools>if "Windows_NT" == "Windows_NT" endlocal
