
D:\work\hexplain-simplification\hexplain-tools>if "Windows_NT" == "Windows_NT" setlocal

D:\work\hexplain-simplification\hexplain-tools>set DIRNAME=D:\work\hexplain-simplification\hexplain-tools\

D:\work\hexplain-simplification\hexplain-tools>if "D:\work\hexplain-simplification\hexplain-tools\" == "" set DIRNAME=.

D:\work\hexplain-simplification\hexplain-tools>set APP_BASE_NAME=gradlew

D:\work\hexplain-simplification\hexplain-tools>set APP_HOME=D:\work\hexplain-simplification\hexplain-tools\

D:\work\hexplain-simplification\hexplain-tools>for %i in ("D:\work\hexplain-simplification\hexplain-tools\") do set APP_HOME=%~fi

D:\work\hexplain-simplification\hexplain-tools>set APP_HOME=D:\work\hexplain-simplification\hexplain-tools\

D:\work\hexplain-simplification\hexplain-tools>set DEFAULT_JVM_OPTS="-Xmx64m" "-Xms64m"

D:\work\hexplain-simplification\hexplain-tools>if defined JAVA_HOME goto findJavaFromJavaHome

D:\work\hexplain-simplification\hexplain-tools>set JAVA_HOME=C:\Program Files\Java\jdk-17

D:\work\hexplain-simplification\hexplain-tools>set JAVA_EXE=C:\Program Files\Java\jdk-17/bin/java.exe

D:\work\hexplain-simplification\hexplain-tools>if exist "C:\Program Files\Java\jdk-17/bin/java.exe" goto execute

D:\work\hexplain-simplification\hexplain-tools>set CLASSPATH=D:\work\hexplain-simplification\hexplain-tools\\gradle\wrapper\gradle-wrapper.jar

D:\work\hexplain-simplification\hexplain-tools>"C:\Program Files\Java\jdk-17/bin/java.exe" "-Xmx64m" "-Xms64m"   "-Dorg.gradle.appname=gradlew" -classpath "D:\work\hexplain-simplification\hexplain-tools\\gradle\wrapper\gradle-wrapper.jar" org.gradle.wrapper.GradleWrapperMain --console=plain -I tests/release/verify.init.gradle -PhexplainVersion=0.1.0-followthrough-20260910 :core:publishLibraryPublicationToReadinessRepository :hdl:publishLibraryPublicationToReadinessRepository :adapters:publishLibraryPublicationToReadinessRepository :runtime-kotlin:publishLibraryPublicationToReadinessRepository :codegen:publishLibraryPublicationToReadinessRepository :codegen-kotlin:publishLibraryPublicationToReadinessRepository :codegen:installDist
> Task :core:checkKotlinGradlePluginConfigurationErrors SKIPPED
> Task :core:compileKotlin UP-TO-DATE
> Task :core:compileJava NO-SOURCE
> Task :core:processResources UP-TO-DATE
> Task :core:classes UP-TO-DATE
> Task :core:jar
> Task :core:kotlinSourcesJar
> Task :core:sourcesJar
> Task :core:generateMetadataFileForLibraryPublication
> Task :core:generatePomFileForLibraryPublication
> Task :core:publishLibraryPublicationToReadinessRepository
> Task :hdl:checkKotlinGradlePluginConfigurationErrors SKIPPED
> Task :hdl:compileKotlin UP-TO-DATE
> Task :hdl:compileJava NO-SOURCE
> Task :hdl:processResources NO-SOURCE
> Task :hdl:classes UP-TO-DATE
> Task :hdl:jar
> Task :hdl:kotlinSourcesJar
> Task :hdl:sourcesJar
> Task :hdl:generateMetadataFileForLibraryPublication
> Task :hdl:generatePomFileForLibraryPublication
> Task :hdl:publishLibraryPublicationToReadinessRepository
> Task :adapters:checkKotlinGradlePluginConfigurationErrors SKIPPED
> Task :adapters:compileKotlin UP-TO-DATE
> Task :adapters:compileJava NO-SOURCE
> Task :adapters:processResources NO-SOURCE
> Task :adapters:classes UP-TO-DATE
> Task :adapters:jar
> Task :adapters:kotlinSourcesJar
> Task :adapters:sourcesJar
> Task :adapters:generateMetadataFileForLibraryPublication
> Task :adapters:generatePomFileForLibraryPublication
> Task :adapters:publishLibraryPublicationToReadinessRepository
> Task :runtime-kotlin:checkKotlinGradlePluginConfigurationErrors SKIPPED
> Task :runtime-kotlin:compileKotlin UP-TO-DATE
> Task :runtime-kotlin:compileJava NO-SOURCE
> Task :runtime-kotlin:processResources NO-SOURCE
> Task :runtime-kotlin:classes UP-TO-DATE
> Task :runtime-kotlin:jar
> Task :runtime-kotlin:kotlinSourcesJar
> Task :runtime-kotlin:sourcesJar
> Task :runtime-kotlin:generateMetadataFileForLibraryPublication
> Task :runtime-kotlin:generatePomFileForLibraryPublication
> Task :runtime-kotlin:publishLibraryPublicationToReadinessRepository
> Task :codegen:checkKotlinGradlePluginConfigurationErrors SKIPPED
> Task :codegen:processResources NO-SOURCE
> Task :codegen:kotlinSourcesJar
> Task :codegen:sourcesJar
> Task :codegen:generatePomFileForLibraryPublication
> Task :codegen-kotlin:checkKotlinGradlePluginConfigurationErrors SKIPPED
> Task :codegen-kotlin:processResources UP-TO-DATE
> Task :codegen-kotlin:kotlinSourcesJar
> Task :codegen-kotlin:sourcesJar
> Task :codegen-kotlin:generatePomFileForLibraryPublication
> Task :codegen:compileKotlin
> Task :codegen:compileJava NO-SOURCE
> Task :codegen:classes UP-TO-DATE
> Task :codegen:jar
> Task :codegen:generateMetadataFileForLibraryPublication
> Task :codegen:publishLibraryPublicationToReadinessRepository
> Task :codegen-kotlin:compileKotlin
> Task :codegen-kotlin:compileJava NO-SOURCE
> Task :codegen-kotlin:classes UP-TO-DATE
> Task :codegen-kotlin:jar
> Task :codegen-kotlin:generateMetadataFileForLibraryPublication
> Task :codegen-kotlin:publishLibraryPublicationToReadinessRepository
> Task :codegen:startScripts
> Task :codegen:installDist

BUILD SUCCESSFUL in 17s
46 actionable tasks: 40 executed, 6 up-to-date

D:\work\hexplain-simplification\hexplain-tools>if 0 EQU 0 goto mainEnd

D:\work\hexplain-simplification\hexplain-tools>if "Windows_NT" == "Windows_NT" endlocal
