PASS  test_competency_trace        PASS: competency traceability references, result paths and corpus hashes match generated artifacts
PASS  test_conformance             PASS: valid=0 violations, invalid=1 violation(s)
PASS  test_constraint_coverage     PASS: 1165 component obligations have fresh two-sided evidence; independent semantic review remains separate
PASS  test_doc_terms               PASS: 1012 Hexplain term references across 59 document(s) all resolve
PASS  test_family_contract         PASS: 1012 authored module contracts with result-path assertions
PASS  test_gdal_inventory          PASS: 246 uniquely keyed GDAL documentation pages ({'raster': 160, 'vector': 86}); pinned sources, evidence policy and 26 profile links valid
PASS  test_gdal_runtime            PASS: 8 scoped adapter contracts, 39 retained tests and well-formed source hashes; implementation-byte verification belongs to private engine CI
PASS  test_geometry_contract       PASS: 9 geometry value contracts with explicit result paths
PASS  test_geometry_mutations      PASS: 2 geometry property-constraint mutations detected by independent invalid-data assertions
PASS  test_geospatial_model        PASS: 40 geospatial/array SHACL cases; 121 exact affine round trips; center, singularity and calibration vectors
PASS  test_html_sync               PASS: 36 modules' index.html match their .ttl
PASS  test_instance_contract       PASS: 36 cross-engine instance contracts, including selected targets and result paths
PASS  test_layout_competency       PASS: 69 layout/compound cases with inference and rule execution disabled
PASS  test_layout_mutations        PASS: 6 layout/compound numeric-bound removals detected with result-path assertions
PASS  test_lift                    PASS: aspect facets lifted onto Asset; physical properties did not leak
PASS  test_network_contract        PASS: 40 transport boundary contracts; each property independently activates validation
PASS  test_numeric_boundaries      PASS: 9 lexical numeric and RDF term-identity boundary cases
PASS  test_ontology_design         PASS: ontology entities are not SKOS mappings; new module metadata and family SHACL meta-validation pass
PASS  test_packaging_contract      PASS: 11 packaging competency cases with constraint-path assertions
PASS  test_packing_mutations       PASS: 5 isolated packing/field-reference mutations detected; positive controls retained
PASS  test_publication_checker     PASS: 41 namespace/release routes; canonical success and HTTP 200 HTML fallback rejection
PASS  test_register_bindings       PASS: register bindings enforced (in-register conforms, out-of-register rejected)
PASS  test_register_extraction     PASS: all 6 registers extracted; concepts conserved; notations removed
PASS  test_release_contract        PASS: 5 immutable snapshots verified; historical compatibility replay not requested (prerelease)
PASS  test_review_candidate        PASS: reproducible 184-file review candidate, 795 resources; review decision: pending (identity is not authenticated by this gate)
PASS  test_security_mutations      PASS: 7 isolated security constraint mutations; target-removal sensitivity for 12 negative cases; positive controls retained
PASS  test_security_profile        PASS: 19 opt-in security profile cases; no implicit authorization or inheritance
PASS  test_shapes                  PASS: valid fixture conforms; invalid fixture fails SHACL (structural + required-parts executed)
PASS  test_simplification_documentation PASS: 679 shared scope links resolve to exact visible canonical notes
PASS  test_simplification_equivalence PASS: 13 current generated RDF files match authoring; historical baseline integrity retained; negative controls detect semantic changes
PASS  test_specification_patterns  PASS: 13 templates, 33 shared constraints, 26 presets; deterministic and invalid inputs rejected
PASS  test_term_reference          PASS: 795 documented terms, 103 named shapes, 36 modules; canonical annotations, exact generated content and fragment links verified
PASS  test_vector_evidence         PASS: 136 GDAL oracle geometries and 60 GeoPackage rows retain exact fixture hashes; decoder comparison is a separate engine test
PASS  test_video_math              PASS: 15 video numeric/rational cases through the family validator
PASS  test_vocab_neutrality        PASS: 475 normative terms name no format or jurisdiction; 1 reasoned exemption(s); register boundary holds both ways
PASS  test_vocab_shapes            PASS: 42 vocabulary fixtures behave as expected
PASS  validate_all                 PASS: all 84 ttl files parse

37/37 gates passed
