
D:\work\hexplain-simplification\hexplain-tools>if "Windows_NT" == "Windows_NT" setlocal

D:\work\hexplain-simplification\hexplain-tools>set DIRNAME=D:\work\hexplain-simplification\hexplain-tools\

D:\work\hexplain-simplification\hexplain-tools>if "D:\work\hexplain-simplification\hexplain-tools\" == "" set DIRNAME=.

D:\work\hexplain-simplification\hexplain-tools>set APP_BASE_NAME=gradlew

D:\work\hexplain-simplification\hexplain-tools>set APP_HOME=D:\work\hexplain-simplification\hexplain-tools\

D:\work\hexplain-simplification\hexplain-tools>for %i in ("D:\work\hexplain-simplification\hexplain-tools\") do set APP_HOME=%~fi

D:\work\hexplain-simplification\hexplain-tools>set APP_HOME=D:\work\hexplain-simplification\hexplain-tools\

D:\work\hexplain-simplification\hexplain-tools>set DEFAULT_JVM_OPTS="-Xmx64m" "-Xms64m"

D:\work\hexplain-simplification\hexplain-tools>if defined JAVA_HOME goto findJavaFromJavaHome

D:\work\hexplain-simplification\hexplain-tools>set JAVA_HOME=C:\Program Files\Java\jdk-17

D:\work\hexplain-simplification\hexplain-tools>set JAVA_EXE=C:\Program Files\Java\jdk-17/bin/java.exe

D:\work\hexplain-simplification\hexplain-tools>if exist "C:\Program Files\Java\jdk-17/bin/java.exe" goto execute

D:\work\hexplain-simplification\hexplain-tools>set CLASSPATH=D:\work\hexplain-simplification\hexplain-tools\\gradle\wrapper\gradle-wrapper.jar

D:\work\hexplain-simplification\hexplain-tools>"C:\Program Files\Java\jdk-17/bin/java.exe" "-Xmx64m" "-Xms64m"   "-Dorg.gradle.appname=gradlew" -classpath "D:\work\hexplain-simplification\hexplain-tools\\gradle\wrapper\gradle-wrapper.jar" org.gradle.wrapper.GradleWrapperMain :codegen-verify:check
> Task :codegen-verify:checkKotlinGradlePluginConfigurationErrors SKIPPED
> Task :codegen:checkKotlinGradlePluginConfigurationErrors SKIPPED
> Task :core:checkKotlinGradlePluginConfigurationErrors SKIPPED
> Task :core:compileKotlin UP-TO-DATE
> Task :core:compileJava NO-SOURCE
> Task :core:processResources UP-TO-DATE
> Task :core:classes UP-TO-DATE
> Task :core:jar UP-TO-DATE
> Task :codegen:compileKotlin UP-TO-DATE
> Task :codegen:compileJava NO-SOURCE
> Task :codegen:processResources NO-SOURCE
> Task :codegen:classes UP-TO-DATE
> Task :codegen:jar UP-TO-DATE
> Task :codegen-kotlin:checkKotlinGradlePluginConfigurationErrors SKIPPED
> Task :codegen-kotlin:compileKotlin UP-TO-DATE
> Task :codegen-kotlin:compileJava NO-SOURCE
> Task :codegen-kotlin:processResources UP-TO-DATE
> Task :codegen-kotlin:classes UP-TO-DATE
> Task :codegen-kotlin:jar UP-TO-DATE
> Task :codegen-verify:compileKotlin UP-TO-DATE
> Task :codegen-verify:compileJava NO-SOURCE
> Task :codegen-verify:processResources UP-TO-DATE
> Task :codegen-verify:classes UP-TO-DATE
> Task :codegen-verify:generateCodecs UP-TO-DATE
> Task :runtime-kotlin:checkKotlinGradlePluginConfigurationErrors SKIPPED
> Task :runtime-kotlin:compileKotlin UP-TO-DATE
> Task :runtime-kotlin:compileJava NO-SOURCE
> Task :runtime-kotlin:processResources NO-SOURCE
> Task :runtime-kotlin:classes UP-TO-DATE
> Task :runtime-kotlin:jar UP-TO-DATE
> Task :codegen-verify:compileStandaloneKotlin UP-TO-DATE
> Task :codegen-verify:jar UP-TO-DATE
> Task :codegen-verify:processTestResources NO-SOURCE
> Task :codegen-verify:compileTestKotlin
> Task :codegen-verify:compileTestJava NO-SOURCE
> Task :codegen-verify:testClasses UP-TO-DATE
> Task :codegen-verify:test
> Task :codegen-verify:check

Deprecated Gradle features were used in this build, making it incompatible with Gradle 9.0.

You can use '--warning-mode all' to show the individual deprecation warnings and determine if they come from your own scripts or plugins.

For more on this, please refer to https://docs.gradle.org/8.7/userguide/command_line_interface.html#sec:command_line_warnings in the Gradle documentation.

BUILD SUCCESSFUL in 22s
17 actionable tasks: 2 executed, 15 up-to-date

D:\work\hexplain-simplification\hexplain-tools>if 0 EQU 0 goto mainEnd

D:\work\hexplain-simplification\hexplain-tools>if "Windows_NT" == "Windows_NT" endlocal
