
D:\work\hexplain-simplification\hexplain-tools>if "Windows_NT" == "Windows_NT" setlocal

D:\work\hexplain-simplification\hexplain-tools>set DIRNAME=D:\work\hexplain-simplification\hexplain-tools\

D:\work\hexplain-simplification\hexplain-tools>if "D:\work\hexplain-simplification\hexplain-tools\" == "" set DIRNAME=.

D:\work\hexplain-simplification\hexplain-tools>set APP_BASE_NAME=gradlew

D:\work\hexplain-simplification\hexplain-tools>set APP_HOME=D:\work\hexplain-simplification\hexplain-tools\

D:\work\hexplain-simplification\hexplain-tools>for %i in ("D:\work\hexplain-simplification\hexplain-tools\") do set APP_HOME=%~fi

D:\work\hexplain-simplification\hexplain-tools>set APP_HOME=D:\work\hexplain-simplification\hexplain-tools\

D:\work\hexplain-simplification\hexplain-tools>set DEFAULT_JVM_OPTS="-Xmx64m" "-Xms64m"

D:\work\hexplain-simplification\hexplain-tools>if defined JAVA_HOME goto findJavaFromJavaHome

D:\work\hexplain-simplification\hexplain-tools>set JAVA_HOME=C:\Program Files\Java\jdk-17

D:\work\hexplain-simplification\hexplain-tools>set JAVA_EXE=C:\Program Files\Java\jdk-17/bin/java.exe

D:\work\hexplain-simplification\hexplain-tools>if exist "C:\Program Files\Java\jdk-17/bin/java.exe" goto execute

D:\work\hexplain-simplification\hexplain-tools>set CLASSPATH=D:\work\hexplain-simplification\hexplain-tools\\gradle\wrapper\gradle-wrapper.jar

D:\work\hexplain-simplification\hexplain-tools>"C:\Program Files\Java\jdk-17/bin/java.exe" "-Xmx64m" "-Xms64m"   "-Dorg.gradle.appname=gradlew" -classpath "D:\work\hexplain-simplification\hexplain-tools\\gradle\wrapper\gradle-wrapper.jar" org.gradle.wrapper.GradleWrapperMain :core:test --tests *EncodingNormalizationTest --tests *FormatIRToRdfTest --tests *WriterEncodedStructTest --tests *PackedAndConditionalLayoutTest --tests *DispatchTableWriterTest :codegen:test --tests *LoweringCodecTest :hdl:test --tests *EmitVocabGapsTest
Starting a Gradle Daemon, 1 busy and 2 stopped Daemons could not be reused, use --status for details
> Task :core:checkKotlinGradlePluginConfigurationErrors SKIPPED
> Task :core:compileKotlin UP-TO-DATE
> Task :core:compileJava NO-SOURCE
> Task :core:processResources UP-TO-DATE
> Task :core:classes UP-TO-DATE
> Task :core:jar UP-TO-DATE
> Task :core:processTestResources UP-TO-DATE
> Task :codegen:checkKotlinGradlePluginConfigurationErrors SKIPPED
> Task :codegen:compileKotlin UP-TO-DATE
> Task :codegen:compileJava NO-SOURCE
> Task :codegen:processResources NO-SOURCE
> Task :codegen:classes UP-TO-DATE
> Task :codegen:jar UP-TO-DATE
> Task :codegen:compileTestKotlin UP-TO-DATE
> Task :codegen:compileTestJava NO-SOURCE
> Task :codegen:processTestResources NO-SOURCE
> Task :codegen:testClasses UP-TO-DATE
> Task :codegen-kotlin:checkKotlinGradlePluginConfigurationErrors SKIPPED
> Task :codegen-kotlin:compileKotlin UP-TO-DATE
> Task :codegen-kotlin:compileJava NO-SOURCE
> Task :codegen-kotlin:processResources UP-TO-DATE
> Task :codegen-kotlin:classes UP-TO-DATE
> Task :codegen-kotlin:jar UP-TO-DATE
> Task :codegen:test UP-TO-DATE
> Task :hdl:checkKotlinGradlePluginConfigurationErrors SKIPPED
> Task :hdl:compileKotlin UP-TO-DATE
> Task :hdl:compileJava NO-SOURCE
> Task :hdl:processResources NO-SOURCE
> Task :hdl:classes UP-TO-DATE
> Task :hdl:jar UP-TO-DATE
> Task :hdl:compileTestKotlin UP-TO-DATE
> Task :hdl:compileTestJava NO-SOURCE
> Task :hdl:processTestResources UP-TO-DATE
> Task :hdl:testClasses UP-TO-DATE
> Task :hdl:test UP-TO-DATE
> Task :core:compileTestKotlin
> Task :core:compileTestJava NO-SOURCE
> Task :core:testClasses UP-TO-DATE

> Task :core:test

EncodingNormalizationTest > both forms retain truncation and decoded budget rejection() FAILED
    org.opentest4j.AssertionFailedError at EncodingNormalizationTest.kt:56
        Caused by: java.util.zip.DataFormatException at EncodingNormalizationTest.kt:56
.\gradlew.bat :
At line:23 char:1
+ .\gradlew.bat :core:test --tests '*EncodingNormalizationTest' --tests ...
+ ~~~~~~~~~~~~~~~~~~~~~~~~~~~~~~~~~~~~~~~~~~~~~~~~~~~~~~~~~~~~~~~~~~~~~
    + CategoryInfo          : NotSpecified: (:String) [], RemoteException
    + FullyQualifiedErrorId : NativeCommandError

45 tests completed, 1 failed

> Task :core:test FAILED

FAILURE: Build failed with an exception.

* What went wrong:
Execution failed for task ':core:test'.
> There were failing tests. See the report at:
file:///D:/work/hexplain-simplification/hexplain-tools/core/build/reports/tests/test/index.html

* Try:
> Run with --scan to get full insights.

Deprecated Gradle features were used in this build, making it incompatible with Gradle 9.0.

You can use '--warning-mode all' to show the individual deprecation warnings and determine if they come from your own scripts or plugins.

For more on this, please refer to https://docs.gradle.org/8.7/userguide/command_line_interface.html#sec:command_line_warnings in the Gradle documentation.

BUILD FAILED in 18s
18 actionable tasks: 2 executed, 16 up-to-date

D:\work\hexplain-simplification\hexplain-tools>if 1 EQU 0 goto mainEnd

D:\work\hexplain-simplification\hexplain-tools>rem Set variable GRADLE_EXIT_CONSOLE if you need the _script_ return code instead of

D:\work\hexplain-simplification\hexplain-tools>rem the _cmd.exe /c_ return code!

D:\work\hexplain-simplification\hexplain-tools>set EXIT_CODE=1

D:\work\hexplain-simplification\hexplain-tools>if 1 EQU 0 set EXIT_CODE=1

D:\work\hexplain-simplification\hexplain-tools>if not "" == "" exit 1

D:\work\hexplain-simplification\hexplain-tools>exit /b 1
