PASS  test_competency_trace        PASS: competency traceability references, result paths and corpus hashes match generated artifacts
PASS  test_conformance             PASS: valid=0 violations, invalid=1 violation(s)
FAIL  test_constraint_coverage
PASS  test_doc_terms               PASS: 1011 Hexplain term references across 59 document(s) all resolve
PASS  test_family_contract         PASS: 1000 authored module contracts with result-path assertions
PASS  test_gdal_inventory          PASS: 246 uniquely keyed GDAL documentation pages ({'raster': 160, 'vector': 86}); pinned sources, evidence policy and 22 profile links valid
PASS  test_gdal_runtime            PASS: 8 scoped adapter contracts, 39 retained tests and well-formed source hashes; implementation-byte verification belongs to private engine CI
PASS  test_geometry_contract       PASS: 9 geometry value contracts with explicit result paths
PASS  test_geometry_mutations      PASS: 2 geometry property-constraint mutations detected by independent invalid-data assertions
PASS  test_geospatial_model        PASS: 40 geospatial/array SHACL cases; 121 exact affine round trips; center, singularity and calibration vectors
FAIL  test_html_sync
PASS  test_instance_contract       PASS: 36 cross-engine instance contracts, including selected targets and result paths
PASS  test_layout_competency       PASS: 69 layout/compound cases with inference and rule execution disabled
PASS  test_layout_mutations        PASS: 6 layout/compound numeric-bound removals detected with result-path assertions
PASS  test_lift                    PASS: aspect facets lifted onto Asset; physical properties did not leak
PASS  test_network_contract        PASS: 40 transport boundary contracts; each property independently activates validation
PASS  test_numeric_boundaries      PASS: 9 lexical numeric and RDF term-identity boundary cases
PASS  test_ontology_design         PASS: ontology entities are not SKOS mappings; new module metadata and family SHACL meta-validation pass
PASS  test_packaging_contract      PASS: 11 packaging competency cases with constraint-path assertions
PASS  test_packing_mutations       PASS: 5 isolated packing/field-reference mutations detected; positive controls retained
PASS  test_publication_checker     PASS: 41 namespace/release routes; canonical success and HTTP 200 HTML fallback rejection
PASS  test_register_bindings       PASS: register bindings enforced (in-register conforms, out-of-register rejected)
PASS  test_register_extraction     PASS: all 6 registers extracted; concepts conserved; notations removed
